2026-09-25 15:42:38,160 ERROR org.springframework.scheduling.support.TaskUtils$LoggingErrorHandler [ThreadPoolTaskScheduler3] Unexpected error occurred in scheduled task
java.io.UncheckedIOException: /home/yadav/Work/GodsonEclarity/eclarity-client/tmp/pending
	at org.apache.commons.io.FileUtils.listFiles(FileUtils.java:2135)
	at com.infospica.dicom.process.state.AbstractImageState.moveFilesToProcessFolder(AbstractImageState.java:51)
	at com.infospica.dicom.process.state.AbstractImageState.moveFilesToProcessFolder(AbstractImageState.java:40)
	at com.infospica.dicom.process.state.batch.MoveImageState.moveImages(MoveImageState.java:94)
	at com.infospica.dicom.process.batch.BatchDicomFileProcessor.lambda$processFiles$0(BatchDicomFileProcessor.java:74)
Caused by: java.nio.file.NoSuchFileException: /home/yadav/Work/GodsonEclarity/eclarity-client/tmp/pending/1.2.840.113619.2.415.3.2831175780.798.1790126441.57.125613525040289867673012.part
	at java.base/sun.nio.fs.UnixException.translateToIOException(UnixException.java:92)
	at java.base/sun.nio.fs.UnixException.rethrowAsIOException(UnixException.java:111)
	at java.base/sun.nio.fs.UnixException.rethrowAsIOException(UnixException.java:116)
	at java.base/sun.nio.fs.UnixFileAttributeViews$Basic.readAttributes(UnixFileAttributeViews.java:55)
	at java.base/sun.nio.fs.UnixFileSystemProvider.readAttributes(UnixFileSystemProvider.java:149)
2026-09-25 15:42:44,415 ERROR org.springframework.scheduling.support.TaskUtils$LoggingErrorHandler [ThreadPoolTaskScheduler4] Unexpected error occurred in scheduled task
java.io.UncheckedIOException: /home/yadav/Work/GodsonEclarity/eclarity-client/tmp/pending
	at org.apache.commons.io.FileUtils.listFiles(FileUtils.java:2135)
	at com.infospica.dicom.process.state.AbstractImageState.moveFilesToProcessFolder(AbstractImageState.java:51)
	at com.infospica.dicom.process.state.AbstractImageState.moveFilesToProcessFolder(AbstractImageState.java:40)
	at com.infospica.dicom.process.state.batch.MoveImageState.moveImages(MoveImageState.java:94)
	at com.infospica.dicom.process.batch.BatchDicomFileProcessor.lambda$processFiles$0(BatchDicomFileProcessor.java:74)
Caused by: java.nio.file.NoSuchFileException: /home/yadav/Work/GodsonEclarity/eclarity-client/tmp/pending/1.2.840.113619.2.415.3.2831175780.798.1790126440.751.116596671205284651105.part
	at java.base/sun.nio.fs.UnixException.translateToIOException(UnixException.java:92)
	at java.base/sun.nio.fs.UnixException.rethrowAsIOException(UnixException.java:111)
	at java.base/sun.nio.fs.UnixException.rethrowAsIOException(UnixException.java:116)
	at java.base/sun.nio.fs.UnixFileAttributeViews$Basic.readAttributes(UnixFileAttributeViews.java:55)
	at java.base/sun.nio.fs.UnixFileSystemProvider.readAttributes(UnixFileSystemProvider.java:149)
2026-09-25 17:09:00,700 ERROR org.springframework.scheduling.support.TaskUtils$LoggingErrorHandler [ThreadPoolTaskScheduler1] Unexpected error occurred in scheduled task
java.io.UncheckedIOException: /home/yadav/Work/GodsonEclarity/eclarity-client/tmp/pending
	at org.apache.commons.io.FileUtils.listFiles(FileUtils.java:2135)
	at com.infospica.dicom.process.state.batch.MoveImageState.moveImages(MoveImageState.java:82)
	at com.infospica.dicom.process.batch.BatchDicomFileProcessor.lambda$processFiles$0(BatchDicomFileProcessor.java:74)
	at org.springframework.scheduling.support.DelegatingErrorHandlingRunnable.run(DelegatingErrorHandlingRunnable.java:54)
	at java.base/java.util.concurrent.Executors$RunnableAdapter.call(Executors.java:515)
Caused by: java.nio.file.NoSuchFileException: /home/yadav/Work/GodsonEclarity/eclarity-client/tmp/pending/1.2.840.113619.2.415.3.2831175780.798.1790126440.607.3116978695405849441703.part
	at java.base/sun.nio.fs.UnixException.translateToIOException(UnixException.java:92)
	at java.base/sun.nio.fs.UnixException.rethrowAsIOException(UnixException.java:111)
	at java.base/sun.nio.fs.UnixException.rethrowAsIOException(UnixException.java:116)
	at java.base/sun.nio.fs.UnixFileAttributeViews$Basic.readAttributes(UnixFileAttributeViews.java:55)
	at java.base/sun.nio.fs.UnixFileSystemProvider.readAttributes(UnixFileSystemProvider.java:149)
